// Jest Snapshot v1, https://goo.gl/fbAQLP

exports[`Surface component Render surface 1`] = `
.c0 {
  border-radius: 4px;
  background-color: #ffffff;
  padding: 8px;
  -webkit-filter: drop-shadow(0px 10px 25px rgba(0,0,0,0.1));
  filter: drop-shadow(0px 10px 25px rgba(0,0,0,0.1));
  min-width: 80px;
  min-height: 80px;
  width: 80px;
  height: 80px;
}

<div
  className="c0"
/>
`;
