// Jest Snapshot v1, https://goo.gl/fbAQLP

exports[`Form component Render form 1`] = `
<form
  className=""
/>
`;
