// Jest Snapshot v1, https://goo.gl/fbAQLP

exports[`Icon component Render icon 1`] = `
Array [
  .c0 {
  stroke: #333333;
  fill: #333333;
  -webkit-transition: all .3s ease-in-out;
  transition: all .3s ease-in-out;
}

<svg
    className="c0"
    fill="none"
    height="24"
    name="check"
    viewBox="0 0 16 16"
    width="24"
    xmlns="http://www.w3.org/2000/svg"
  >
    <path
      d="M5 9L8 12"
      strokeLinecap="round"
      strokeLinejoin="round"
    />
    <path
      d="M8 12L14 6"
      strokeLinecap="round"
      strokeLinejoin="round"
    />
  </svg>,
  .c0 {
  stroke: #333333;
  fill: #333333;
  -webkit-transition: all .3s ease-in-out;
  transition: all .3s ease-in-out;
}

<svg
    className="c0"
    fill="none"
    height="24"
    name="close"
    viewBox="0 0 16 16"
    width="24"
    xmlns="http://www.w3.org/2000/svg"
  >
    <path
      d="M2 2L14 14"
      strokeLinecap="round"
      strokeLinejoin="round"
    />
    <path
      d="M14 2L2 14"
      strokeLinecap="round"
      strokeLinejoin="round"
    />
  </svg>,
  .c0 {
  stroke: #333333;
  fill: #333333;
  -webkit-transition: all .3s ease-in-out;
  transition: all .3s ease-in-out;
}

<svg
    className="c0"
    fill="none"
    height="24"
    name="arrow-bottom"
    viewBox="0 0 16 16"
    width="24"
    xmlns="http://www.w3.org/2000/svg"
  >
    <path
      d="M1 6L8 11L15 6"
      fill="none"
      strokeLinecap="round"
      strokeLinejoin="round"
    />
  </svg>,
  .c0 {
  stroke: #333333;
  fill: #333333;
  -webkit-transition: all .3s ease-in-out;
  transition: all .3s ease-in-out;
}

<svg
    className="c0"
    fill="none"
    height="24"
    name="arrow-top"
    viewBox="0 0 16 16"
    width="24"
    xmlns="http://www.w3.org/2000/svg"
  >
    <path
      d="M1 10L8 5L15 10"
      fill="none"
      strokeLinecap="round"
      strokeLinejoin="round"
    />
  </svg>,
  .c0 {
  stroke: #333333;
  fill: #333333;
  -webkit-transition: all .3s ease-in-out;
  transition: all .3s ease-in-out;
}

<svg
    className="c0"
    fill="none"
    height="24"
    name="arrow-left"
    viewBox="0 0 16 16"
    width="24"
    xmlns="http://www.w3.org/2000/svg"
  >
    <path
      d="M9.96179 14.9787L5.01269 7.98722L10.0212 1.03837"
      fill="none"
      strokeLinecap="round"
      strokeLinejoin="round"
    />
  </svg>,
  .c0 {
  stroke: #333333;
  fill: #333333;
  -webkit-transition: all .3s ease-in-out;
  transition: all .3s ease-in-out;
}

<svg
    className="c0"
    fill="none"
    height="24"
    name="arrow-right"
    viewBox="0 0 16 16"
    width="24"
    xmlns="http://www.w3.org/2000/svg"
  >
    <path
      d="M6.03821 14.9787L10.9873 7.98722L5.97883 1.03837"
      fill="none"
      strokeLinecap="round"
      strokeLinejoin="round"
    />
  </svg>,
  .c0 {
  stroke: #333333;
  fill: #333333;
  -webkit-transition: all .3s ease-in-out;
  transition: all .3s ease-in-out;
}

<svg
    className="c0"
    fill="none"
    height="24"
    name="arrow-bottom-2"
    viewBox="0 0 16 16"
    width="24"
    xmlns="http://www.w3.org/2000/svg"
  >
    <path
      d="M8 15L8 1"
      strokeLinecap="round"
      strokeLinejoin="round"
    />
    <path
      d="M5 12L8 15"
      strokeLinecap="round"
      strokeLinejoin="round"
    />
    <path
      d="M11 12L8 15"
      strokeLinecap="round"
      strokeLinejoin="round"
    />
  </svg>,
  .c0 {
  stroke: #333333;
  fill: #333333;
  -webkit-transition: all .3s ease-in-out;
  transition: all .3s ease-in-out;
}

<svg
    className="c0"
    fill="none"
    height="24"
    name="arrow-top-2"
    viewBox="0 0 16 16"
    width="24"
    xmlns="http://www.w3.org/2000/svg"
  >
    <path
      d="M7.56476 1.06903L7.43528 14.9309"
      strokeLinecap="round"
      strokeLinejoin="round"
    />
    <path
      d="M4.75225 4.0099L7.56475 1.06908"
      strokeLinecap="round"
      strokeLinejoin="round"
    />
    <path
      d="M10.3218 4.06903L7.56476 1.06903"
      strokeLinecap="round"
      strokeLinejoin="round"
    />
  </svg>,
  .c0 {
  stroke: #333333;
  fill: #333333;
  -webkit-transition: all .3s ease-in-out;
  transition: all .3s ease-in-out;
}

<svg
    className="c0"
    fill="none"
    height="24"
    name="arrow-left-2"
    viewBox="0 0 16 16"
    width="24"
    xmlns="http://www.w3.org/2000/svg"
  >
    <path
      d="M1 8H15"
      strokeLinecap="round"
      strokeLinejoin="round"
    />
    <path
      d="M4 5L1 8"
      strokeLinecap="round"
      strokeLinejoin="round"
    />
    <path
      d="M4 11L1 8"
      strokeLinecap="round"
      strokeLinejoin="round"
    />
  </svg>,
  .c0 {
  stroke: #333333;
  fill: #333333;
  -webkit-transition: all .3s ease-in-out;
  transition: all .3s ease-in-out;
}

<svg
    className="c0"
    fill="none"
    height="24"
    name="arrow-right-2"
    viewBox="0 0 16 16"
    width="24"
    xmlns="http://www.w3.org/2000/svg"
  >
    <path
      d="M15 8H1"
      strokeLinecap="round"
      strokeLinejoin="round"
    />
    <path
      d="M12 5L15 8"
      strokeLinecap="round"
      strokeLinejoin="round"
    />
    <path
      d="M12 11L15 8"
      strokeLinecap="round"
      strokeLinejoin="round"
    />
  </svg>,
  .c0 {
  stroke: #333333;
  fill: #333333;
  -webkit-transition: all .3s ease-in-out;
  transition: all .3s ease-in-out;
}

<svg
    className="c0"
    fill="none"
    height="24"
    name="eye"
    viewBox="0 0 16 16"
    width="24"
    xmlns="http://www.w3.org/2000/svg"
  >
    <path
      clipRule="evenodd"
      d="M1 8C2.16667 7 5.2 5 8 5C6.067 5 4.5 6.34315 4.5 8C4.5 9.65685 6.067 11 8 11C5.2 11 2.16667 9 1 8ZM8 11C9.933 11 11.5 9.65685 11.5 8C11.5 6.34315 9.933 5 8 5C10.8 5 13.8333 7 15 8C13.8333 9 10.8 11 8 11Z"
      fillRule="evenodd"
      stroke="none"
    />
    <path
      d="M1 8L0.674604 7.62037C0.563781 7.71536 0.5 7.85404 0.5 8C0.5 8.14596 0.563781 8.28464 0.674604 8.37963L1 8ZM15 8L15.3254 8.37963C15.4362 8.28464 15.5 8.14596 15.5 8C15.5 7.85404 15.4362 7.71536 15.3254 7.62037L15 8ZM8 4.5C6.49058 4.5 4.95205 5.03585 3.66449 5.67749C2.37203 6.32157 1.28784 7.09474 0.674604 7.62037L1.3254 8.37963C1.87882 7.90526 2.89464 7.17843 4.11051 6.57251C5.33128 5.96415 6.70942 5.5 8 5.5V4.5ZM5 8C5 6.68882 6.26806 5.5 8 5.5V4.5C5.86595 4.5 4 5.99747 4 8H5ZM8 10.5C6.26806 10.5 5 9.31118 5 8H4C4 10.0025 5.86595 11.5 8 11.5V10.5ZM0.674604 8.37963C1.28784 8.90526 2.37203 9.67843 3.66449 10.3225C4.95205 10.9642 6.49058 11.5 8 11.5V10.5C6.70942 10.5 5.33128 10.0358 4.11051 9.42749C2.89464 8.82157 1.87882 8.09474 1.3254 7.62037L0.674604 8.37963ZM11 8C11 9.31118 9.73194 10.5 8 10.5V11.5C10.1341 11.5 12 10.0025 12 8H11ZM8 5.5C9.73194 5.5 11 6.68882 11 8H12C12 5.99747 10.1341 4.5 8 4.5V5.5ZM15.3254 7.62037C14.7122 7.09474 13.628 6.32157 12.3355 5.67749C11.048 5.03585 9.50942 4.5 8 4.5V5.5C9.29058 5.5 10.6687 5.96415 11.8895 6.57251C13.1054 7.17843 14.1212 7.90526 14.6746 8.37963L15.3254 7.62037ZM8 11.5C9.50942 11.5 11.048 10.9642 12.3355 10.3225C13.628 9.67843 14.7122 8.90526 15.3254 8.37963L14.6746 7.62037C14.1212 8.09474 13.1054 8.82157 11.8895 9.42749C10.6687 10.0358 9.29058 10.5 8 10.5V11.5Z"
      fill="none"
    />
    <circle
      cx="8"
      cy="8"
      r="2"
      stroke="none"
    />
  </svg>,
  .c0 {
  stroke: #333333;
  fill: #333333;
  -webkit-transition: all .3s ease-in-out;
  transition: all .3s ease-in-out;
}

<svg
    className="c0"
    fill="none"
    height="24"
    name="eye-not"
    viewBox="0 0 16 16"
    width="24"
    xmlns="http://www.w3.org/2000/svg"
  >
    <path
      clipRule="evenodd"
      d="M9.13192 5.10031C8.75379 5.03584 8.3748 5 8 5C5.2 5 2.16667 7 1 8C1.63181 8.54155 2.81106 9.37637 4.20423 10.028L4.87677 9.35546C4.63581 8.94834 4.5 8.48776 4.5 8C4.5 6.34315 6.067 5 8 5C8.37881 5 8.74357 5.05158 9.08523 5.147L9.13192 5.10031ZM6.91477 10.853L6.86808 10.8997C7.24621 10.9642 7.6252 11 8 11C10.8 11 13.8333 9 15 8C14.3682 7.45845 13.1889 6.62363 11.7958 5.972L11.1232 6.64454C11.3642 7.05166 11.5 7.51224 11.5 8C11.5 9.65685 9.933 11 8 11C7.62119 11 7.25643 10.9484 6.91477 10.853Z"
      fillRule="evenodd"
    />
    <path
      d="M9.13192 5.10031L9.48547 5.45387C9.61767 5.32167 9.66507 5.12676 9.60835 4.94862C9.55163 4.77047 9.40026 4.63885 9.21596 4.60743L9.13192 5.10031ZM1 8L0.674604 7.62037C0.563781 7.71536 0.5 7.85404 0.5 8C0.5 8.14596 0.563781 8.28464 0.674604 8.37963L1 8ZM4.20423 10.028L3.99239 10.4809C4.18299 10.5701 4.409 10.5303 4.55778 10.3816L4.20423 10.028ZM4.87677 9.35546L5.23033 9.70901C5.39177 9.54757 5.42335 9.29726 5.30705 9.10078L4.87677 9.35546ZM9.08523 5.147L8.95074 5.62857C9.1246 5.67713 9.31114 5.6282 9.43878 5.50056L9.08523 5.147ZM6.91477 10.853L7.04926 10.3714C6.8754 10.3229 6.68886 10.3718 6.56122 10.4994L6.91477 10.853ZM6.86808 10.8997L6.51453 10.5461C6.38233 10.6783 6.33493 10.8732 6.39165 11.0514C6.44837 11.2295 6.59974 11.3611 6.78404 11.3926L6.86808 10.8997ZM15 8L15.3254 8.37963C15.4362 8.28464 15.5 8.14596 15.5 8C15.5 7.85404 15.4362 7.71536 15.3254 7.62037L15 8ZM11.7958 5.972L12.0076 5.51909C11.817 5.42994 11.591 5.46966 11.4422 5.61844L11.7958 5.972ZM11.1232 6.64454L10.7697 6.29099C10.6082 6.45243 10.5767 6.70274 10.6929 6.89922L11.1232 6.64454ZM8 5.5C8.34313 5.5 8.69382 5.53283 9.04787 5.5932L9.21596 4.60743C8.81376 4.53885 8.40648 4.5 8 4.5V5.5ZM1.3254 8.37963C1.87882 7.90526 2.89464 7.17843 4.11051 6.57251C5.33128 5.96415 6.70942 5.5 8 5.5V4.5C6.49058 4.5 4.95205 5.03585 3.66449 5.67749C2.37203 6.32157 1.28784 7.09474 0.674604 7.62037L1.3254 8.37963ZM4.41607 9.5751C3.06717 8.94417 1.9257 8.13492 1.3254 7.62037L0.674604 8.37963C1.33792 8.94818 2.55495 9.80857 3.99239 10.4809L4.41607 9.5751ZM4.55778 10.3816L5.23033 9.70901L4.52322 9.0019L3.85068 9.67445L4.55778 10.3816ZM4 8C4 8.58274 4.1627 9.13066 4.4465 9.61013L5.30705 9.10078C5.10891 8.76602 5 8.39279 5 8H4ZM8 4.5C5.86595 4.5 4 5.99747 4 8H5C5 6.68882 6.26806 5.5 8 5.5V4.5ZM9.21972 4.66543C8.83424 4.55777 8.42423 4.5 8 4.5V5.5C8.33339 5.5 8.6529 5.54539 8.95074 5.62857L9.21972 4.66543ZM9.43878 5.50056L9.48547 5.45387L8.77837 4.74676L8.73168 4.79345L9.43878 5.50056ZM6.56122 10.4994L6.51453 10.5461L7.22163 11.2532L7.26832 11.2066L6.56122 10.4994ZM8 10.5C7.65687 10.5 7.30618 10.4672 6.95213 10.4068L6.78404 11.3926C7.18624 11.4612 7.59352 11.5 8 11.5V10.5ZM14.6746 7.62037C14.1212 8.09474 13.1054 8.82157 11.8895 9.42749C10.6687 10.0358 9.29058 10.5 8 10.5V11.5C9.50942 11.5 11.048 10.9642 12.3355 10.3225C13.628 9.67843 14.7122 8.90526 15.3254 8.37963L14.6746 7.62037ZM11.5839 6.4249C12.9328 7.05583 14.0743 7.86508 14.6746 8.37963L15.3254 7.62037C14.6621 7.05182 13.445 6.19143 12.0076 5.51909L11.5839 6.4249ZM11.4422 5.61844L10.7697 6.29099L11.4768 6.99809L12.1493 6.32555L11.4422 5.61844ZM12 8C12 7.41726 11.8373 6.86934 11.5535 6.38987L10.6929 6.89922C10.8911 7.23398 11 7.60721 11 8H12ZM8 11.5C10.1341 11.5 12 10.0025 12 8H11C11 9.31118 9.73194 10.5 8 10.5V11.5ZM6.78028 11.3346C7.16576 11.4422 7.57577 11.5 8 11.5V10.5C7.66661 10.5 7.3471 10.4546 7.04926 10.3714L6.78028 11.3346Z"
    />
    <circle
      cx="8"
      cy="8"
      r="2"
    />
    <path
      d="M2 14L14 2"
      strokeLinecap="round"
      strokeLinejoin="round"
    />
  </svg>,
  .c0 {
  stroke: #008603;
  fill: #008603;
  -webkit-transition: all .3s ease-in-out;
  transition: all .3s ease-in-out;
}

<svg
    className="c0"
    color="accent"
    fill="none"
    height="24"
    name="file"
    viewBox="0 0 16 16"
    width="24"
    xmlns="http://www.w3.org/2000/svg"
  >
    <path
      d="M2 1V15H14V3.33333L10.4 1H2Z"
      fill="none"
      strokeLinecap="round"
      strokeLinejoin="round"
    />
    <path
      d="M4 6L12 6"
      fill="none"
      strokeLinecap="round"
      strokeLinejoin="round"
    />
    <path
      d="M4 8L12 8"
      fill="none"
      strokeLinecap="round"
      strokeLinejoin="round"
    />
    <path
      d="M4 10L8 10"
      fill="none"
      strokeLinecap="round"
      strokeLinejoin="round"
    />
  </svg>,
  .c0 {
  stroke: #333333;
  fill: #333333;
  -webkit-transition: all .3s ease-in-out;
  transition: all .3s ease-in-out;
}

<svg
    className="c0"
    fill="none"
    height="24"
    name="photo"
    viewBox="0 0 16 16"
    width="24"
    xmlns="http://www.w3.org/2000/svg"
  >
    <path
      d="M15 3H1V13H15V3Z"
      fill="none"
      strokeLinecap="round"
      strokeLinejoin="round"
    />
    <circle
      cx="6"
      cy="6"
      fill="none"
      r="0.75"
      strokeWidth="0.5"
    />
    <path
      d="M1 13L5.2 9.11111L6.6 10.6667L10.8 6L15 11.4444"
      fill="none"
      strokeLinecap="round"
      strokeLinejoin="round"
      strokeWidth="0.75"
    />
  </svg>,
  .c0 {
  stroke: #333333;
  fill: #333333;
  -webkit-transition: all .3s ease-in-out;
  transition: all .3s ease-in-out;
}

<svg
    className="c0"
    fill="none"
    height="24"
    name="video"
    viewBox="0 0 16 16"
    width="24"
    xmlns="http://www.w3.org/2000/svg"
  >
    <path
      d="M15 3H1V13H15V3Z"
      fill="none"
      strokeLinecap="round"
      strokeLinejoin="round"
    />
    <path
      d="M1 5L15 5"
      fill="none"
      strokeLinecap="round"
      strokeLinejoin="round"
      strokeWidth="0.75"
    />
    <path
      d="M1 11L15 11"
      fill="none"
      strokeLinecap="round"
      strokeLinejoin="round"
      strokeWidth="0.75"
    />
    <path
      d="M5 5V3"
      fill="none"
      strokeLinecap="round"
      strokeLinejoin="round"
      strokeWidth="0.75"
    />
    <path
      d="M8 5V3"
      fill="none"
      strokeLinecap="round"
      strokeLinejoin="round"
      strokeWidth="0.75"
    />
    <path
      d="M11 5V3"
      fill="none"
      strokeLinecap="round"
      strokeLinejoin="round"
      strokeWidth="0.75"
    />
    <path
      d="M5 13V11"
      fill="none"
      strokeLinecap="round"
      strokeLinejoin="round"
      strokeWidth="0.75"
    />
    <path
      d="M8 13V11"
      fill="none"
      strokeLinecap="round"
      strokeLinejoin="round"
      strokeWidth="0.75"
    />
    <path
      d="M11 13V11"
      fill="none"
      strokeLinecap="round"
      strokeLinejoin="round"
      strokeWidth="0.75"
    />
    <path
      d="M7 6V10"
      fill="none"
      strokeLinecap="round"
      strokeLinejoin="round"
      strokeWidth="0.75"
    />
    <path
      d="M7 6L10 8"
      fill="none"
      strokeLinecap="round"
      strokeLinejoin="round"
      strokeWidth="0.75"
    />
    <path
      d="M7 10L10 8"
      fill="none"
      strokeLinecap="round"
      strokeLinejoin="round"
      strokeWidth="0.75"
    />
  </svg>,
  .c0 {
  stroke: #333333;
  fill: #333333;
  -webkit-transition: all .3s ease-in-out;
  transition: all .3s ease-in-out;
}

<svg
    className="c0"
    fill="none"
    height="24"
    name="last-time"
    viewBox="0 0 16 16"
    width="24"
    xmlns="http://www.w3.org/2000/svg"
  >
    <path
      d="M8 4L8 8"
      fill="none"
      strokeLinecap="round"
      strokeLinejoin="round"
      strokeWidth="0.75"
    />
    <path
      d="M8 8L10 10"
      fill="none"
      strokeLinecap="round"
      strokeLinejoin="round"
      strokeWidth="0.75"
    />
    <circle
      cx="8"
      cy="8"
      fill="none"
      r="6.5"
    />
  </svg>,
  .c0 {
  stroke: #333333;
  fill: #333333;
  -webkit-transition: all .3s ease-in-out;
  transition: all .3s ease-in-out;
}

<svg
    className="c0"
    fill="none"
    height="24"
    name="play"
    viewBox="0 0 16 16"
    width="24"
    xmlns="http://www.w3.org/2000/svg"
  >
    <path
      d="M4 2V14"
      strokeLinecap="round"
      strokeLinejoin="round"
    />
    <path
      d="M4 2L13 8"
      strokeLinecap="round"
      strokeLinejoin="round"
    />
    <path
      d="M4 14L13 8"
      strokeLinecap="round"
      strokeLinejoin="round"
    />
  </svg>,
  .c0 {
  stroke: #333333;
  fill: #333333;
  -webkit-transition: all .3s ease-in-out;
  transition: all .3s ease-in-out;
}

<svg
    className="c0"
    fill="none"
    height="24"
    name="share"
    viewBox="0 0 16 16"
    width="24"
    xmlns="http://www.w3.org/2000/svg"
  >
    <path
      d="M3 8L11 3"
      strokeLinecap="round"
      strokeLinejoin="round"
    />
    <path
      d="M11 13L3 8"
      strokeLinecap="round"
      strokeLinejoin="round"
    />
    <circle
      cx="11"
      cy="13"
      r="2"
      stroke="none"
    />
    <path
      d="M13 3C13 4.10457 12.1046 5 11 5C9.89543 5 9 4.10457 9 3C9 1.89543 9.89543 1 11 1C12.1046 1 13 1.89543 13 3Z"
      stroke="none"
    />
    <circle
      cx="3"
      cy="8"
      r="2"
      stroke="none"
    />
  </svg>,
  .c0 {
  stroke: #333333;
  fill: #333333;
  -webkit-transition: all .3s ease-in-out;
  transition: all .3s ease-in-out;
}

<svg
    className="c0"
    fill="none"
    height="24"
    name="basket"
    viewBox="0 0 16 16"
    width="24"
    xmlns="http://www.w3.org/2000/svg"
  >
    <path
      d="M4 14L12 14"
      fill="none"
      strokeLinecap="round"
      strokeLinejoin="round"
      strokeWidth="0.75"
    />
    <path
      d="M4 14V4H12V14"
      fill="none"
      strokeLinecap="round"
      strokeLinejoin="round"
      strokeWidth="0.75"
    />
    <path
      d="M3 4L13 4"
      fill="none"
      strokeLinecap="round"
      strokeLinejoin="round"
    />
    <path
      d="M6 4V2.5H10V4"
      fill="none"
      strokeLinecap="round"
      strokeLinejoin="round"
      strokeWidth="0.5"
    />
    <path
      d="M6 7V11"
      fill="none"
      strokeLinecap="round"
      strokeLinejoin="round"
      strokeWidth="0.5"
    />
    <path
      d="M8 7V11"
      fill="none"
      strokeLinecap="round"
      strokeLinejoin="round"
      strokeWidth="0.5"
    />
    <path
      d="M10 7V11"
      fill="none"
      strokeLinecap="round"
      strokeLinejoin="round"
      strokeWidth="0.5"
    />
  </svg>,
  .c0 {
  stroke: #333333;
  fill: #333333;
  -webkit-transition: all .3s ease-in-out;
  transition: all .3s ease-in-out;
}

<svg
    className="c0"
    fill="none"
    height="24"
    name="download"
    viewBox="0 0 16 16"
    width="24"
    xmlns="http://www.w3.org/2000/svg"
  >
    <path
      d="M8 12L8 2"
      fill="none"
      strokeLinecap="round"
      strokeLinejoin="round"
    />
    <path
      d="M5 9L8 12"
      fill="none"
      strokeLinecap="round"
      strokeLinejoin="round"
    />
    <path
      d="M11 9L8 12"
      fill="none"
      strokeLinecap="round"
      strokeLinejoin="round"
    />
    <path
      d="M2 13L14 13"
      fill="none"
      strokeLinecap="round"
      strokeLinejoin="round"
      strokeWidth="1.5"
    />
  </svg>,
]
`;
